// Vitest Snapshot v1, https://vitest.dev/guide/snapshot.html

exports[`Header > should render logo link 1`] = `
<body>
  <div>
    <header
      class="sticky top-0 z-50 border-b border-[var(--line)] bg-[var(--header-bg)] px-4 backdrop-blur-lg"
    >
      <nav
        class="page-wrap flex flex-wrap items-center gap-x-3 gap-y-2 py-3 sm:py-4"
      >
        <h2
          class="display-title font-bold italic text-2xl m-0 flex-shrink-0 tracking-tight"
        >
          <a
            aria-current="page"
            class="inline-flex items-center gap-2 px-3 py-1.5 text-[var(--sea-ink)] no-underline sm:px-4 sm:py-2 active"
            data-status="active"
            href="/"
          >
            Crate
          </a>
        </h2>
        <div
          class="order-3 flex w-full flex-wrap items-center gap-x-4 gap-y-1 pb-1 text-sm font-semibold sm:order-2 sm:w-auto sm:flex-nowrap sm:pb-0"
        >
          <a
            aria-current="page"
            class="nav-link nav-link is-active"
            data-status="active"
            href="/"
          >
            Dashboard
          </a>
          <a
            class="nav-link"
            href="/about"
          >
            Collection
          </a>
          <a
            class="nav-link"
            href="https://tanstack.com/start/latest/docs/framework/react/overview"
            rel="noreferrer"
            target="_blank"
          >
            Add
          </a>
        </div>
      </nav>
    </header>
  </div>
</body>
`;
